17:16:59 **** Auto Build of configuration Debug for project led_blink ****
make pre-build main-build 
a9-linaro-pre-build-step
' '
'Building file: ../src/led_sw.c'
'Invoking: ARM v7 gcc compiler'
arm-none-eabi-gcc -Wall -O0 -g3 -c -fmessage-length=0 -MT"src/led_sw.o" -mcpu=cortex-a9 -mfpu=vfpv3 -mfloat-abi=hard -I../../standalone_bsp_0/ps7_cortexa9_0/include -MMD -MP -MF"src/led_sw.d" -MT"src/led_sw.o" -o "src/led_sw.o" "../src/led_sw.c"
'Finished building: ../src/led_sw.c'
' '
'Building target: led_blink.elf'
'Invoking: ARM v7 gcc linker'
arm-none-eabi-gcc -mcpu=cortex-a9 -mfpu=vfpv3 -mfloat-abi=hard -Wl,-build-id=none -specs=Xilinx.spec -Wl,-T -Wl,../src/lscript.ld -L../../standalone_bsp_0/ps7_cortexa9_0/lib -o "led_blink.elf"  ./src/helloworld.o ./src/led_sw.o ./src/platform.o   -Wl,--start-group,-lxil,-lgcc,-lc,--end-group
'Finished building target: led_blink.elf'
' '
'Invoking: ARM v7 Print Size'
arm-none-eabi-size led_blink.elf  |tee "led_blink.elf.size"
   text	   data	    bss	    dec	    hex	filename
  23584	   1172	  22600	  47356	   b8fc	led_blink.elf
'Finished building: led_blink.elf.size'
' '

17:17:00 Build Finished (took 659ms)

